# Potholes
# www.robomind.net

paint:
{(w,|,36,1)
(w,|,36,2)
(w,|,36,3)
(w,|,36,4)
(w,|,36,5)
(w,|,36,6)
(w,|,36,7)
(w,|,36,8)
(w,|,36,9)
(w,|,36,10)
(w,|,36,11)
(w,|,36,12)
(w,|,36,13)
(w,|,36,14)
(w,|,36,15)
(w,|,36,16)
(w,|,36,17)
(w,|,36,18)
(w,|,36,19)
(w,|,36,20)
(w,|,36,21)
(w,|,36,22)
(w,|,36,23)
(w,|,36,24)
(w,|,36,25)
(w,|,36,26)
(w,|,36,27)
(w,|,36,28)
(w,|,36,29)
(w,|,36,30)
(w,|,36,31)
(w,|,36,32)
(w,|,36,33)
(w,|,36,34)
(w,|,36,35)
(w,|,36,36)
(w,|,36,37)
(w,|,36,38)
(w,|,36,39)
(w,|,36,40)
(w,|,36,41)
(w,|,36,42)
(w,|,36,43)
(w,-,1,23)
(w,-,2,23)
(w,-,3,23)
(w,-,4,23)
(w,-,5,23)
(w,-,6,23)
(w,-,7,23)
(w,-,8,23)
(w,-,9,23)
(w,-,10,23)
(w,-,11,23)
(w,-,12,23)
(w,-,13,23)
(w,-,14,23)
(w,-,15,23)
(w,-,16,23)
(w,-,17,23)
(w,-,18,23)
(w,-,19,23)
(w,-,20,23)
(w,-,21,23)
(w,-,22,23)
(w,-,23,23)
(w,-,24,23)
(w,-,25,23)
(w,-,26,23)
(w,-,27,23)
(w,-,28,23)
(w,-,29,23)
(w,-,30,23)
(w,-,31,23)
(w,-,32,23)
(w,-,33,23)
(w,-,34,23)
(w,-,35,23)
(w,-,36,23)
(w,-,37,23)
(w,-,38,23)
(w,-,39,23)
(w,-,40,23)
(w,-,41,23)
(w,-,42,23)
(w,-,43,23)
(w,-,44,23)
(w,-,45,23)
(w,-,46,23)
(w,-,47,23)
(w,-,48,23)
(w,-,49,23)
(w,-,50,23)
(w,-,51,23)
(w,-,52,23)
(w,-,53,23)
(w,-,54,23)
(w,-,55,23)
(w,-,56,23)
(w,-,57,23)
(w,-,58,23)
(w,-,59,23)
(w,-,60,23)
(w,-,61,23)
(w,-,62,23)
(w,-,63,23)
(w,-,64,23)
(w,-,65,23)
(w,-,66,23)
(w,-,67,23)
(w,-,68,23)
(w,-,69,23)
(w,-,70,23)
(b,.,14,20)
(b,.,16,22)
(b,.,21,22)
(b,.,23,24)
(b,.,3,25)
(b,.,3,20)
(b,.,5,26)
(b,.,37,24)
(b,.,37,20)
(b,.,28,24)
(b,.,28,24)
(b,.,33,25)
(b,.,35,3)
(b,.,37,3)
(b,.,33,13)
(b,.,38,15)
(b,.,39,6)
(b,.,38,8)
(b,.,37,12)
(b,.,39,14)
(b,.,43,21)
(b,.,45,24)
(b,.,60,22)
(b,.,61,24)
(b,.,66,25)
(b,.,69,24)
(b,.,50,24)
(b,.,51,26)
(b,.,37,29)
(b,.,37,31)
(b,.,33,35)
(b,.,35,38)
(b,.,38,38)
(b,.,38,40)
(b,.,33,40)
(b,.,35,39)
}

map:
                                AAAAAAAAA
                                AQ  *   A
                                AQ  *  QA
                                A   *  QA
                                AQ  *Q  A
                                AQ  *Q  A
                                A   *   A
                                A  Q*  QA
                                A   *  QA
                                A   *   A
                                AQ    Q A
                                A     Q A
                                A  Q    A
                                A  Q    A
                                A       A
                                AQ      A
                                AQ     QA
                                A  Q   QA
                                A  Q   QA                                                                                                                                             
AAAAAAAAAAAAAAAAAAAAAAAAAAAAAAAAA       AAAAAAAAAAAAAAAAAAAAAAAAAAAAAAAAA
A     QQQ      Q     QQQQ      Q           QQQ         QQQQQ       QQQ  A
AQQQ    Q                                       QQQ                     A 
A                           Q            Q             Q       QQ       A 
A*********                          @                           ********A 
A                  QQQ                               QQQ      QQQ       A 
A    QQQQ                    QQQ           QQQQ                      QQQA 
A             QQQ      QQQQ              Q          QQQQQ    Q          A                                                                                                                 
AAAAAAAAAAAAAAAAAAAAAAAAAAAAAAAAA       AAAAAAAAAAAAAAAAAAAAAAAAAAAAAAAAA
                                AQ   Q QA
                                AQ      A
                                A  Q Q  A
                                A  Q    A
                                AQ Q   QA
                                AQ     QA
                                AQ      A
                                A  Q    A
                                AQ Q*   A
                                AQ  *   A
                                AQ  *  QA
                                A   *  QA
                                A   *  QA
                                A   *   A
                                A   *Q  A
                                A  Q*Q  A
                                A  Q*Q  A
                                AAAAAAAAA
                                                                                